// Jest Snapshot v1, https://goo.gl/fbAQLP

exports[`icons  snapshot should be matched 1`] = `
Array [
  "delete.svg",
  "edit.svg",
  "restart.svg",
  "search.svg",
  "settings.svg",
  "trash.svg",
]
`;

exports[`icons  snapshot should be matched 2`] = `6`;
